program: /local/pmpakos/SpMV-Research/benchmark_code/BENCH/src/bicg_armpl_d.exe
number of matrices: 50
max threads 72
matrix_name,num_threads,csr_m,csr_n,csr_nnz,time,error,num_iterations,csr_mem_footprint,W_avg,J_estimated,format_name,m,n,nnz,mem_footprint,mem_ratio
Temps: Composite 24850 Composite 25850 Composite 41850 Sensor 1 38850  Sensor 2 41850  Composite 42850 Sensor 1 38850  Sensor 2 42850  asic 61000 asic 61000 
File: /local/pmpakos/SpMV-Research/benchmark_code/BENCH/../../validation_matrices/scircuit.mtx
------------------------
/local/pmpakos/SpMV-Research/benchmark_code/BENCH/../../validation_matrices/scircuit.mtx
scircuit_bicg_armpl_d.exe
max threads 72
time read: 0.004001
time coo to csr: 0.016994
Adding 84 missing diagonal nonzeros
armpl armpl_spmat_create_csr_d = 0.000735232
armpl optimize time = 0.0749409
time convert to format: 0.075783
time warm up 0.066031
eps = 4.13519e-13 eps_counter = 4.13519e-05
SpMV: calls = 100, time = 0.002343 s, GFLOPs = 81.879643, WS_standalone = 14.24 MB, WS_bicg = 24.67 MB
error = 413.5       
/local/pmpakos/SpMV-Research/benchmark_code/BENCH/../../validation_matrices/scircuit.mtx,72,170998,170998,959020,0.010808,413.519,50,11.627422,0.000000,0.000000,ARMPL,170998,170998,959020,11.627422,1.000000
Temps: Composite 24850 Composite 25850 Composite 41850 Sensor 1 38850  Sensor 2 41850  Composite 42850 Sensor 1 38850  Sensor 2 42850  asic 61000 asic 61000 
File: /local/pmpakos/SpMV-Research/benchmark_code/BENCH/../../validation_matrices/mac_econ_fwd500.mtx
------------------------
/local/pmpakos/SpMV-Research/benchmark_code/BENCH/../../validation_matrices/mac_econ_fwd500.mtx
mac_econ_fwd500_bicg_armpl_d.exe
max threads 72
time read: 0.004455
time coo to csr: 0.016249
Adding 184000 missing diagonal nonzeros
armpl armpl_spmat_create_csr_d = 0.00109837
armpl optimize time = 0.028671
time convert to format: 0.029907
time warm up 0.066117
eps = 4.54423e-13 eps_counter = 4.54423e-05
SpMV: calls = 100, time = 0.002243 s, GFLOPs = 129.956151, WS_standalone = 20.62 MB, WS_bicg = 33.22 MB
error = 454.4       
/local/pmpakos/SpMV-Research/benchmark_code/BENCH/../../validation_matrices/mac_econ_fwd500.mtx,72,206500,206500,1457389,0.011282,454.423,50,17.466232,0.000000,0.000000,ARMPL,206500,206500,1457389,17.466232,1.000000
Temps: Composite 24850 Composite 25850 Composite 41850 Sensor 1 38850  Sensor 2 41850  Composite 42850 Sensor 1 38850  Sensor 2 42850  asic 61000 asic 61000 
File: /local/pmpakos/SpMV-Research/benchmark_code/BENCH/../../validation_matrices/raefsky3.mtx
------------------------
/local/pmpakos/SpMV-Research/benchmark_code/BENCH/../../validation_matrices/raefsky3.mtx
raefsky3_bicg_armpl_d.exe
max threads 72
time read: 0.005931
time coo to csr: 0.016192
armpl armpl_spmat_create_csr_d = 0.00121395
armpl optimize time = 0.0178548
time convert to format: 0.019176
time warm up 0.066216
eps = 1.45602e-13 eps_counter = 1.45602e-05
SpMV: calls = 100, time = 0.002081 s, GFLOPs = 143.077096, WS_standalone = 17.44 MB, WS_bicg = 18.74 MB
error = 145.6       
/local/pmpakos/SpMV-Research/benchmark_code/BENCH/../../validation_matrices/raefsky3.mtx,72,21200,21200,1488768,0.010108,145.602,50,17.118473,0.000000,0.000000,ARMPL,21200,21200,1488768,17.118473,1.000000
Temps: Composite 24850 Composite 25850 Composite 41850 Sensor 1 38850  Sensor 2 41850  Composite 42850 Sensor 1 38850  Sensor 2 42850  asic 61000 asic 61000 
File: /local/pmpakos/SpMV-Research/benchmark_code/BENCH/../../validation_matrices/rgg_n_2_17_s0.mtx
------------------------
/local/pmpakos/SpMV-Research/benchmark_code/BENCH/../../validation_matrices/rgg_n_2_17_s0.mtx
rgg_n_2_17_s0_bicg_armpl_d.exe
max threads 72
time read: 0.001819
time coo to csr: 0.016829
Adding 131072 missing diagonal nonzeros
armpl armpl_spmat_create_csr_d = 0.00113776
armpl optimize time = 0.0270387
time convert to format: 0.028335
time warm up 0.065734
eps = 3.62039e-13 eps_counter = 3.62039e-05
SpMV: calls = 100, time = 0.002721 s, GFLOPs = 116.781755, WS_standalone = 20.68 MB, WS_bicg = 28.68 MB
error = 97.46       
/local/pmpakos/SpMV-Research/benchmark_code/BENCH/../../validation_matrices/rgg_n_2_17_s0.mtx,72,131072,131072,1588578,0.010966,97.4572,50,18.679836,0.000000,0.000000,ARMPL,131072,131072,1588578,18.679836,1.000000
Temps: Composite 24850 Composite 25850 Composite 41850 Sensor 1 38850  Sensor 2 41850  Composite 42850 Sensor 1 38850  Sensor 2 42850  asic 61000 asic 61000 
File: /local/pmpakos/SpMV-Research/benchmark_code/BENCH/../../validation_matrices/bbmat.mtx
------------------------
/local/pmpakos/SpMV-Research/benchmark_code/BENCH/../../validation_matrices/bbmat.mtx
bbmat_bicg_armpl_d.exe
max threads 72
time read: 0.006849
time coo to csr: 0.017191
armpl armpl_spmat_create_csr_d = 0.00148374
armpl optimize time = 0.0229504
time convert to format: 0.024559
time warm up 0.067243
eps = 1.96835e-13 eps_counter = 1.96835e-05
SpMV: calls = 100, time = 0.002137 s, GFLOPs = 165.835719, WS_standalone = 21.01 MB, WS_bicg = 23.38 MB
error = 196.8       
/local/pmpakos/SpMV-Research/benchmark_code/BENCH/../../validation_matrices/bbmat.mtx,72,38744,38744,1771722,0.009851,196.835,50,20.423550,0.000000,0.000000,ARMPL,38744,38744,1771722,20.423550,1.000000
Temps: Composite 24850 Composite 25850 Composite 41850 Sensor 1 38850  Sensor 2 41850  Composite 42850 Sensor 1 38850  Sensor 2 42850  asic 61000 asic 61000 
File: /local/pmpakos/SpMV-Research/benchmark_code/BENCH/../../validation_matrices/appu.mtx
------------------------
/local/pmpakos/SpMV-Research/benchmark_code/BENCH/../../validation_matrices/appu.mtx
appu_bicg_armpl_d.exe
max threads 72
time read: 0.006647
time coo to csr: 0.021366
armpl armpl_spmat_create_csr_d = 0.00156486
armpl optimize time = 0.0293127
time convert to format: 0.031026
time warm up 0.066886
eps = 1.18322e-13 eps_counter = 1.18322e-05
SpMV: calls = 100, time = 0.002632 s, GFLOPs = 140.834702, WS_standalone = 21.47 MB, WS_bicg = 22.33 MB
error = 1.407e-06   
/local/pmpakos/SpMV-Research/benchmark_code/BENCH/../../validation_matrices/appu.mtx,72,14000,14000,1853104,0.009845,1.40672e-06,50,21.260502,0.000000,0.000000,ARMPL,14000,14000,1853104,21.260502,1.000000
Temps: Composite 24850 Composite 25850 Composite 41850 Sensor 1 38850  Sensor 2 41850  Composite 42850 Sensor 1 38850  Sensor 2 42850  asic 61000 asic 61000 
File: /local/pmpakos/SpMV-Research/benchmark_code/BENCH/../../validation_matrices/mc2depi.mtx
------------------------
/local/pmpakos/SpMV-Research/benchmark_code/BENCH/../../validation_matrices/mc2depi.mtx
mc2depi_bicg_armpl_d.exe
max threads 72
time read: 0.004225
time coo to csr: 0.016912
armpl armpl_spmat_create_csr_d = 0.00149965
armpl optimize time = 0.0328118
time convert to format: 0.034489
time warm up 0.065517
eps = 7.25138e-13 eps_counter = 7.25138e-05
SpMV: calls = 100, time = 0.002966 s, GFLOPs = 141.598196, WS_standalone = 34.06 MB, WS_bicg = 66.16 MB
error = 725.1       
/local/pmpakos/SpMV-Research/benchmark_code/BENCH/../../validation_matrices/mc2depi.mtx,72,525825,525825,2100225,0.015641,725.138,50,26.041035,0.000000,0.000000,ARMPL,525825,525825,2100225,26.041035,1.000000
Temps: Composite 24850 Composite 25850 Composite 41850 Sensor 1 38850  Sensor 2 41850  Composite 42850 Sensor 1 38850  Sensor 2 42850  asic 61000 asic 61000 
File: /local/pmpakos/SpMV-Research/benchmark_code/BENCH/../../validation_matrices/rma10.mtx
------------------------
/local/pmpakos/SpMV-Research/benchmark_code/BENCH/../../validation_matrices/rma10.mtx
rma10_bicg_armpl_d.exe
max threads 72
time read: 0.007166
time coo to csr: 0.017464
armpl armpl_spmat_create_csr_d = 0.00203654
armpl optimize time = 0.0299898
time convert to format: 0.032165
time warm up 0.067455
eps = 2.16414e-13 eps_counter = 2.16414e-05
SpMV: calls = 100, time = 0.002340 s, GFLOPs = 202.943617, WS_standalone = 28.06 MB, WS_bicg = 30.92 MB
error = 216.4       
/local/pmpakos/SpMV-Research/benchmark_code/BENCH/../../validation_matrices/rma10.mtx,72,46835,46835,2374001,0.010073,216.414,50,27.346951,0.000000,0.000000,ARMPL,46835,46835,2374001,27.346951,1.000000
Temps: Composite 24850 Composite 25850 Composite 41850 Sensor 1 38850  Sensor 2 41850  Composite 42850 Sensor 1 38850  Sensor 2 42850  asic 61000 asic 61000 
File: /local/pmpakos/SpMV-Research/benchmark_code/BENCH/../../validation_matrices/cop20k_A.mtx
------------------------
/local/pmpakos/SpMV-Research/benchmark_code/BENCH/../../validation_matrices/cop20k_A.mtx
cop20k_A_bicg_armpl_d.exe
max threads 72
time read: 0.004518
time coo to csr: 0.019245
Adding 21349 missing diagonal nonzeros
armpl armpl_spmat_create_csr_d = 0.00230563
armpl optimize time = 0.0367748
time convert to format: 0.039134
time warm up 0.066744
eps = 3.48126e-13 eps_counter = 3.48126e-05
SpMV: calls = 100, time = 0.004298 s, GFLOPs = 123.116210, WS_standalone = 32.59 MB, WS_bicg = 39.99 MB
error = 348.1       
/local/pmpakos/SpMV-Research/benchmark_code/BENCH/../../validation_matrices/cop20k_A.mtx,72,121192,121192,2645680,0.012873,348.126,50,30.739719,0.000000,0.000000,ARMPL,121192,121192,2645680,30.739719,1.000000
Temps: Composite 24850 Composite 25850 Composite 41850 Sensor 1 38850  Sensor 2 41850  Composite 42850 Sensor 1 39850  Sensor 2 42850  asic 61000 asic 61000 
File: /local/pmpakos/SpMV-Research/benchmark_code/BENCH/../../validation_matrices/thermomech_dK.mtx
------------------------
/local/pmpakos/SpMV-Research/benchmark_code/BENCH/../../validation_matrices/thermomech_dK.mtx
thermomech_dK_bicg_armpl_d.exe
max threads 72
time read: 0.010041
time coo to csr: 0.019423
armpl armpl_spmat_create_csr_d = 0.00251725
armpl optimize time = 0.0419347
time convert to format: 0.044659
time warm up 0.067560
eps = 4.52013e-13 eps_counter = 4.52013e-05
SpMV: calls = 100, time = 0.005016 s, GFLOPs = 113.495284, WS_standalone = 36.47 MB, WS_bicg = 48.94 MB
error = 452         
/local/pmpakos/SpMV-Research/benchmark_code/BENCH/../../validation_matrices/thermomech_dK.mtx,72,204316,204316,2846228,0.013994,452.013,50,33.351902,0.000000,0.000000,ARMPL,204316,204316,2846228,33.351902,1.000000
Temps: Composite 24850 Composite 25850 Composite 41850 Sensor 1 38850  Sensor 2 41850  Composite 42850 Sensor 1 38850  Sensor 2 42850  asic 61000 asic 61000 
File: /local/pmpakos/SpMV-Research/benchmark_code/BENCH/../../validation_matrices/webbase-1M.mtx
------------------------
/local/pmpakos/SpMV-Research/benchmark_code/BENCH/../../validation_matrices/webbase-1M.mtx
webbase-1M_bicg_armpl_d.exe
max threads 72
time read: 0.009012
time coo to csr: 0.019993
armpl armpl_spmat_create_csr_d = 0.00298531
armpl optimize time = 0.749733
time convert to format: 0.752877
time warm up 0.071086
eps = 1e-12 eps_counter = 0.0001
SpMV: calls = 100, time = 0.006743 s, GFLOPs = 92.106670, WS_standalone = 54.61 MB, WS_bicg = 115.65 MB
error = 1000        
/local/pmpakos/SpMV-Research/benchmark_code/BENCH/../../validation_matrices/webbase-1M.mtx,72,1000005,1000005,3105536,0.021139,1000,50,39.354759,0.000000,0.000000,ARMPL,1000005,1000005,3105536,39.354759,1.000000
Temps: Composite 24850 Composite 25850 Composite 41850 Sensor 1 38850  Sensor 2 41850  Composite 42850 Sensor 1 38850  Sensor 2 42850  asic 61000 asic 61000 
File: /local/pmpakos/SpMV-Research/benchmark_code/BENCH/../../validation_matrices/cant.mtx
------------------------
/local/pmpakos/SpMV-Research/benchmark_code/BENCH/../../validation_matrices/cant.mtx
cant_bicg_armpl_d.exe
max threads 72
time read: 0.007747
time coo to csr: 0.018055
armpl armpl_spmat_create_csr_d = 0.00341434
armpl optimize time = 0.0494433
time convert to format: 0.053085
time warm up 0.070574
eps = 2.49902e-13 eps_counter = 2.49902e-05
SpMV: calls = 100, time = 0.003144 s, GFLOPs = 254.925928, WS_standalone = 47.05 MB, WS_bicg = 50.86 MB
error = 249.9       
/local/pmpakos/SpMV-Research/benchmark_code/BENCH/../../validation_matrices/cant.mtx,72,62451,62451,4007383,0.011122,249.902,50,46.099094,0.000000,0.000000,ARMPL,62451,62451,4007383,46.099094,1.000000
Temps: Composite 24850 Composite 25850 Composite 41850 Sensor 1 38850  Sensor 2 41850  Composite 42850 Sensor 1 38850  Sensor 2 42850  asic 61000 asic 61000 
File: /local/pmpakos/SpMV-Research/benchmark_code/BENCH/../../validation_matrices/ASIC_680k.mtx
------------------------
/local/pmpakos/SpMV-Research/benchmark_code/BENCH/../../validation_matrices/ASIC_680k.mtx
ASIC_680k_bicg_armpl_d.exe
max threads 72
time read: 0.013510
time coo to csr: 0.042415
Adding 75 missing diagonal nonzeros
armpl armpl_spmat_create_csr_d = 0.00287245
armpl optimize time = 0.795073
time convert to format: 0.798273
time warm up 0.070716
eps = 8.26355e-13 eps_counter = 8.26355e-05
SpMV: calls = 100, time = 0.007133 s, GFLOPs = 108.555563, WS_standalone = 57.33 MB, WS_bicg = 99.01 MB
error = 826.4       
/local/pmpakos/SpMV-Research/benchmark_code/BENCH/../../validation_matrices/ASIC_680k.mtx,72,682862,682862,3871848,0.020180,826.355,50,46.914700,0.000000,0.000000,ARMPL,682862,682862,3871848,46.914700,1.000000
Temps: Composite 24850 Composite 25850 Composite 41850 Sensor 1 38850  Sensor 2 41850  Composite 42850 Sensor 1 38850  Sensor 2 42850  asic 61000 asic 61000 
File: /local/pmpakos/SpMV-Research/benchmark_code/BENCH/../../validation_matrices/roadNet-TX.mtx
------------------------
/local/pmpakos/SpMV-Research/benchmark_code/BENCH/../../validation_matrices/roadNet-TX.mtx
roadNet-TX_bicg_armpl_d.exe
max threads 72
time read: 0.003733
time coo to csr: 0.019029
Adding 1393383 missing diagonal nonzeros
armpl armpl_spmat_create_csr_d = 0.00466362
armpl optimize time = 0.120034
time convert to format: 0.125072
time warm up 0.071799
eps = 1.18042e-12 eps_counter = 0.000118042
SpMV: calls = 100, time = 0.015513 s, GFLOPs = 67.515090, WS_standalone = 86.51 MB, WS_bicg = 171.55 MB
error = 100.5       
/local/pmpakos/SpMV-Research/benchmark_code/BENCH/../../validation_matrices/roadNet-TX.mtx,72,1393383,1393383,5236703,0.040502,100.504,50,65.244648,0.000000,0.000000,ARMPL,1393383,1393383,5236703,65.244648,1.000000
Temps: Composite 24850 Composite 25850 Composite 41850 Sensor 1 38850  Sensor 2 41850  Composite 42850 Sensor 1 38850  Sensor 2 42850  asic 61000 asic 61000 
File: /local/pmpakos/SpMV-Research/benchmark_code/BENCH/../../validation_matrices/pdb1HYS.mtx
------------------------
/local/pmpakos/SpMV-Research/benchmark_code/BENCH/../../validation_matrices/pdb1HYS.mtx
pdb1HYS_bicg_armpl_d.exe
max threads 72
time read: 0.007661
time coo to csr: 0.018703
armpl armpl_spmat_create_csr_d = 0.00317334
armpl optimize time = 0.0523818
time convert to format: 0.055909
time warm up 0.070062
eps = 1.90832e-13 eps_counter = 1.90832e-05
SpMV: calls = 100, time = 0.003684 s, GFLOPs = 235.899709, WS_standalone = 50.42 MB, WS_bicg = 52.64 MB
error = 190.8       
/local/pmpakos/SpMV-Research/benchmark_code/BENCH/../../validation_matrices/pdb1HYS.mtx,72,36417,36417,4344765,0.011226,190.832,50,49.860813,0.000000,0.000000,ARMPL,36417,36417,4344765,49.860813,1.000000
Temps: Composite 24850 Composite 25850 Composite 41850 Sensor 1 38850  Sensor 2 41850  Composite 42850 Sensor 1 38850  Sensor 2 42850  asic 61000 asic 61000 
File: /local/pmpakos/SpMV-Research/benchmark_code/BENCH/../../validation_matrices/TSOPF_RS_b300_c3.mtx
------------------------
/local/pmpakos/SpMV-Research/benchmark_code/BENCH/../../validation_matrices/TSOPF_RS_b300_c3.mtx
TSOPF_RS_b300_c3_bicg_armpl_d.exe
max threads 72
time read: 0.017161
time coo to csr: 0.021196
Adding 282 missing diagonal nonzeros
armpl armpl_spmat_create_csr_d = 0.00362214
armpl optimize time = 0.0550818
time convert to format: 0.058968
time warm up 0.070217
eps = 2.05275e-13 eps_counter = 2.05275e-05
SpMV: calls = 100, time = 0.003501 s, GFLOPs = 252.133941, WS_standalone = 51.31 MB, WS_bicg = 53.89 MB
error = 205.3       
/local/pmpakos/SpMV-Research/benchmark_code/BENCH/../../validation_matrices/TSOPF_RS_b300_c3.mtx,72,42138,42138,4413731,0.011394,205.275,50,50.671890,0.000000,0.000000,ARMPL,42138,42138,4413731,50.671890,1.000000
Temps: Composite 24850 Composite 25850 Composite 41850 Sensor 1 38850  Sensor 2 41850  Composite 42850 Sensor 1 38850  Sensor 2 42850  asic 61000 asic 61000 
File: /local/pmpakos/SpMV-Research/benchmark_code/BENCH/../../validation_matrices/Chebyshev4.mtx
------------------------
/local/pmpakos/SpMV-Research/benchmark_code/BENCH/../../validation_matrices/Chebyshev4.mtx
Chebyshev4_bicg_armpl_d.exe
max threads 72
time read: 0.021038
time coo to csr: 0.030401
armpl armpl_spmat_create_csr_d = 0.0047703
armpl optimize time = 0.0903344
time convert to format: 0.095599
time warm up 0.070180
eps = 2.61e-13 eps_counter = 2.61e-05
SpMV: calls = 100, time = 0.004721 s, GFLOPs = 227.827833, WS_standalone = 62.84 MB, WS_bicg = 67.00 MB
error = 261         
/local/pmpakos/SpMV-Research/benchmark_code/BENCH/../../validation_matrices/Chebyshev4.mtx,72,68121,68121,5377761,0.013386,261,50,61.803455,0.000000,0.000000,ARMPL,68121,68121,5377761,61.803455,1.000000
Temps: Composite 24850 Composite 25850 Composite 41850 Sensor 1 38850  Sensor 2 41850  Composite 42850 Sensor 1 38850  Sensor 2 42850  asic 61000 asic 61000 
File: /local/pmpakos/SpMV-Research/benchmark_code/BENCH/../../validation_matrices/consph.mtx
------------------------
/local/pmpakos/SpMV-Research/benchmark_code/BENCH/../../validation_matrices/consph.mtx
consph_bicg_armpl_d.exe
max threads 72
time read: 0.010712
time coo to csr: 0.020017
armpl armpl_spmat_create_csr_d = 0.00472112
armpl optimize time = 0.0726971
time convert to format: 0.077913
time warm up 0.070160
eps = 2.88676e-13 eps_counter = 2.88676e-05
SpMV: calls = 100, time = 0.004940 s, GFLOPs = 243.320262, WS_standalone = 70.37 MB, WS_bicg = 75.46 MB
error = 154.6       
/local/pmpakos/SpMV-Research/benchmark_code/BENCH/../../validation_matrices/consph.mtx,72,83334,83334,6010480,0.013187,154.641,50,69.102383,0.000000,0.000000,ARMPL,83334,83334,6010480,69.102383,1.000000
Temps: Composite 24850 Composite 25850 Composite 41850 Sensor 1 38850  Sensor 2 41850  Composite 42850 Sensor 1 38850  Sensor 2 42850  asic 60000 asic 60000 
File: /local/pmpakos/SpMV-Research/benchmark_code/BENCH/../../validation_matrices/com-Youtube.mtx
------------------------
/local/pmpakos/SpMV-Research/benchmark_code/BENCH/../../validation_matrices/com-Youtube.mtx
com-Youtube_bicg_armpl_d.exe
max threads 72
time read: 0.005011
time coo to csr: 0.022738
Adding 1134890 missing diagonal nonzeros
armpl armpl_spmat_create_csr_d = 0.00665082
armpl optimize time = 1.83201
time convert to format: 1.839384
time warm up 0.070182
eps = 1.06531e-12 eps_counter = 0.000106531
SpMV: calls = 100, time = 0.032303 s, GFLOPs = 44.022133, WS_standalone = 103.02 MB, WS_bicg = 172.28 MB
error = 1065        
/local/pmpakos/SpMV-Research/benchmark_code/BENCH/../../validation_matrices/com-Youtube.mtx,72,1134890,1134890,7110138,0.054772,1065.31,50,85.698338,0.000000,0.000000,ARMPL,1134890,1134890,7110138,85.698338,1.000000
Temps: Composite 24850 Composite 25850 Composite 41850 Sensor 1 38850  Sensor 2 41850  Composite 42850 Sensor 1 38850  Sensor 2 42850  asic 61000 asic 61000 
File: /local/pmpakos/SpMV-Research/benchmark_code/BENCH/../../validation_matrices/rajat30.mtx
------------------------
/local/pmpakos/SpMV-Research/benchmark_code/BENCH/../../validation_matrices/rajat30.mtx
rajat30_bicg_armpl_d.exe
max threads 72
time read: 0.022354
time coo to csr: 0.076602
Adding 9629 missing diagonal nonzeros
armpl armpl_spmat_create_csr_d = 0.00573312
armpl optimize time = 1.12352
time convert to format: 1.129744
time warm up 0.069598
eps = 8.02492e-13 eps_counter = 8.02492e-05
SpMV: calls = 100, time = 0.010013 s, GFLOPs = 123.535921, WS_standalone = 83.06 MB, WS_bicg = 122.37 MB
error = 802.5       
/local/pmpakos/SpMV-Research/benchmark_code/BENCH/../../validation_matrices/rajat30.mtx,72,643994,643994,6185006,0.024657,802.492,50,73.238422,0.000000,0.000000,ARMPL,643994,643994,6185006,73.238422,1.000000
Temps: Composite 24850 Composite 25850 Composite 41850 Sensor 1 38850  Sensor 2 41850  Composite 42850 Sensor 1 38850  Sensor 2 42850  asic 60000 asic 60000 
File: /local/pmpakos/SpMV-Research/benchmark_code/BENCH/../../validation_matrices/radiation.mtx
------------------------
/local/pmpakos/SpMV-Research/benchmark_code/BENCH/../../validation_matrices/radiation.mtx
radiation_bicg_armpl_d.exe
max threads 72
time read: 0.019324
time coo to csr: 0.026292
armpl armpl_spmat_create_csr_d = 0.00701981
armpl optimize time = 0.234268
time convert to format: 0.241798
time warm up 0.071784
eps = 4.72339e-13 eps_counter = 4.72339e-05
SpMV: calls = 100, time = 0.009653 s, GFLOPs = 158.241270, WS_standalone = 91.66 MB, WS_bicg = 105.28 MB
error = 472.3       
/local/pmpakos/SpMV-Research/benchmark_code/BENCH/../../validation_matrices/radiation.mtx,72,223104,223104,7637688,0.019023,472.339,50,88.257481,0.000000,0.000000,ARMPL,223104,223104,7637688,88.257481,1.000000
Temps: Composite 24850 Composite 25850 Composite 41850 Sensor 1 38850  Sensor 2 41850  Composite 42850 Sensor 1 38850  Sensor 2 42850  asic 60000 asic 60000 
File: /local/pmpakos/SpMV-Research/benchmark_code/BENCH/../../validation_matrices/Stanford_Berkeley.mtx
------------------------
/local/pmpakos/SpMV-Research/benchmark_code/BENCH/../../validation_matrices/Stanford_Berkeley.mtx
Stanford_Berkeley_bicg_armpl_d.exe
max threads 72
time read: 0.010167
time coo to csr: 0.037183
Adding 683446 missing diagonal nonzeros
armpl armpl_spmat_create_csr_d = 0.00776435
armpl optimize time = 1.1216
time convert to format: 1.129801
time warm up 0.070221
eps = 8.26708e-13 eps_counter = 8.26708e-05
SpMV: calls = 100, time = 0.013357 s, GFLOPs = 123.780316, WS_standalone = 107.64 MB, WS_bicg = 149.36 MB
error = 826.7       
/local/pmpakos/SpMV-Research/benchmark_code/BENCH/../../validation_matrices/Stanford_Berkeley.mtx,72,683446,683446,8266822,0.029729,826.708,50,97.213413,0.000000,0.000000,ARMPL,683446,683446,8266822,97.213413,1.000000
Temps: Composite 24850 Composite 25850 Composite 41850 Sensor 1 38850  Sensor 2 41850  Composite 42850 Sensor 1 38850  Sensor 2 42850  asic 60000 asic 60000 
File: /local/pmpakos/SpMV-Research/benchmark_code/BENCH/../../validation_matrices/shipsec1.mtx
------------------------
/local/pmpakos/SpMV-Research/benchmark_code/BENCH/../../validation_matrices/shipsec1.mtx
shipsec1_bicg_armpl_d.exe
max threads 72
time read: 0.010952
time coo to csr: 0.021499
armpl armpl_spmat_create_csr_d = 0.00655677
armpl optimize time = 0.0956692
time convert to format: 0.102853
time warm up 0.069130
eps = 3.75332e-13 eps_counter = 3.75332e-05
SpMV: calls = 100, time = 0.006598 s, GFLOPs = 236.845075, WS_standalone = 92.10 MB, WS_bicg = 100.70 MB
error = 375.3       
/local/pmpakos/SpMV-Research/benchmark_code/BENCH/../../validation_matrices/shipsec1.mtx,72,140874,140874,7813404,0.015986,375.332,50,89.954708,0.000000,0.000000,ARMPL,140874,140874,7813404,89.954708,1.000000
Temps: Composite 24850 Composite 25850 Composite 41850 Sensor 1 38850  Sensor 2 41850  Composite 42850 Sensor 1 38850  Sensor 2 42850  asic 60000 asic 60000 
File: /local/pmpakos/SpMV-Research/benchmark_code/BENCH/../../validation_matrices/PR02R.mtx
------------------------
/local/pmpakos/SpMV-Research/benchmark_code/BENCH/../../validation_matrices/PR02R.mtx
PR02R_bicg_armpl_d.exe
max threads 72
time read: 0.029744
time coo to csr: 0.022667
armpl armpl_spmat_create_csr_d = 0.0076207
armpl optimize time = 0.102058
time convert to format: 0.110335
time warm up 0.071701
eps = 4.01335e-13 eps_counter = 4.01335e-05
SpMV: calls = 100, time = 0.006895 s, GFLOPs = 237.414800, WS_standalone = 96.74 MB, WS_bicg = 106.57 MB
error = 401.3       
/local/pmpakos/SpMV-Research/benchmark_code/BENCH/../../validation_matrices/PR02R.mtx,72,161070,161070,8185136,0.017456,401.335,50,94.285885,0.000000,0.000000,ARMPL,161070,161070,8185136,94.285885,1.000000
Temps: Composite 24850 Composite 25850 Composite 41850 Sensor 1 38850  Sensor 2 41850  Composite 42850 Sensor 1 38850  Sensor 2 42850  asic 60000 asic 60000 
File: /local/pmpakos/SpMV-Research/benchmark_code/BENCH/../../validation_matrices/CurlCurl_2.mtx
------------------------
/local/pmpakos/SpMV-Research/benchmark_code/BENCH/../../validation_matrices/CurlCurl_2.mtx
CurlCurl_2_bicg_armpl_d.exe
max threads 72
time read: 0.016589
time coo to csr: 0.022976
armpl armpl_spmat_create_csr_d = 0.0084761
armpl optimize time = 0.133689
time convert to format: 0.142790
time warm up 0.070385
eps = 8.9807e-13 eps_counter = 8.9807e-05
SpMV: calls = 100, time = 0.015327 s, GFLOPs = 116.418362, WS_standalone = 117.49 MB, WS_bicg = 166.71 MB
error = 898.1       
/local/pmpakos/SpMV-Research/benchmark_code/BENCH/../../validation_matrices/CurlCurl_2.mtx,72,806529,806529,8921789,0.031816,898.07,50,105.178440,0.000000,0.000000,ARMPL,806529,806529,8921789,105.178440,1.000000
Temps: Composite 24850 Composite 25850 Composite 41850 Sensor 1 38850  Sensor 2 41850  Composite 42850 Sensor 1 38850  Sensor 2 42850  asic 60000 asic 60000 
File: /local/pmpakos/SpMV-Research/benchmark_code/BENCH/../../validation_matrices/gupta3.mtx
------------------------
/local/pmpakos/SpMV-Research/benchmark_code/BENCH/../../validation_matrices/gupta3.mtx
gupta3_bicg_armpl_d.exe
max threads 72
time read: 0.006763
time coo to csr: 0.028509
armpl armpl_spmat_create_csr_d = 0.00881238
armpl optimize time = 0.117785
time convert to format: 0.127294
time warm up 0.070494
eps = 1.29549e-13 eps_counter = 1.29549e-05
SpMV: calls = 100, time = 0.008012 s, GFLOPs = 232.741446, WS_standalone = 107.02 MB, WS_bicg = 108.04 MB
error = 17.97       
/local/pmpakos/SpMV-Research/benchmark_code/BENCH/../../validation_matrices/gupta3.mtx,72,16783,16783,9323427,0.017437,17.9744,50,106.762180,0.000000,0.000000,ARMPL,16783,16783,9323427,106.762180,1.000000
Temps: Composite 24850 Composite 25850 Composite 41850 Sensor 1 38850  Sensor 2 41850  Composite 42850 Sensor 1 38850  Sensor 2 42850  asic 60000 asic 60000 
File: /local/pmpakos/SpMV-Research/benchmark_code/BENCH/../../validation_matrices/mip1.mtx
------------------------
/local/pmpakos/SpMV-Research/benchmark_code/BENCH/../../validation_matrices/mip1.mtx
mip1_bicg_armpl_d.exe
max threads 72
time read: 0.007626
time coo to csr: 0.026702
armpl armpl_spmat_create_csr_d = 0.00983882
armpl optimize time = 0.226848
time convert to format: 0.237456
time warm up 0.070539
eps = 2.57804e-13 eps_counter = 2.57804e-05
SpMV: calls = 100, time = 0.010174 s, GFLOPs = 203.517848, WS_standalone = 119.75 MB, WS_bicg = 123.80 MB
error = 13.17       
/local/pmpakos/SpMV-Research/benchmark_code/BENCH/../../validation_matrices/mip1.mtx,72,66463,66463,10352819,0.019496,13.1662,50,118.732151,0.000000,0.000000,ARMPL,66463,66463,10352819,118.732151,1.000000
Temps: Composite 24850 Composite 25850 Composite 41850 Sensor 1 38850  Sensor 2 41850  Composite 42850 Sensor 1 38850  Sensor 2 42850  asic 60000 asic 60000 
File: /local/pmpakos/SpMV-Research/benchmark_code/BENCH/../../validation_matrices/rail4284.mtx
------------------------
/local/pmpakos/SpMV-Research/benchmark_code/BENCH/../../validation_matrices/rail4284.mtx
rail4284_bicg_armpl_d.exe
max threads 72
time read: 0.017225
time coo to csr: 0.050863
armpl armpl_spmat_create_csr_d = 0.0108296
armpl optimize time = 0.16942
time convert to format: 0.181017

	ERROR
[tid 3601410] bench_bicg.cpp
 => bench(): line [659]
      >  the matrix must be square
Temps: Composite 24850 Composite 25850 Composite 41850 Sensor 1 38850  Sensor 2 41850  Composite 42850 Sensor 1 38850  Sensor 2 42850  asic 60000 asic 60000 
File: /local/pmpakos/SpMV-Research/benchmark_code/BENCH/../../validation_matrices/pwtk.mtx
------------------------
/local/pmpakos/SpMV-Research/benchmark_code/BENCH/../../validation_matrices/pwtk.mtx
pwtk_bicg_armpl_d.exe
max threads 72
time read: 0.019597
time coo to csr: 0.025445
armpl armpl_spmat_create_csr_d = 0.0113025
armpl optimize time = 0.138809
time convert to format: 0.150947
time warm up 0.069459
eps = 4.66817e-13 eps_counter = 4.66817e-05
SpMV: calls = 100, time = 0.011299 s, GFLOPs = 205.943779, WS_standalone = 137.30 MB, WS_bicg = 150.60 MB
error = 466.8       
/local/pmpakos/SpMV-Research/benchmark_code/BENCH/../../validation_matrices/pwtk.mtx,72,217918,217918,11634424,0.022540,466.817,50,133.976711,0.000000,0.000000,ARMPL,217918,217918,11634424,133.976711,1.000000
Temps: Composite 24850 Composite 25850 Composite 41850 Sensor 1 38850  Sensor 2 41850  Composite 42850 Sensor 1 38850  Sensor 2 42850  asic 60000 asic 60000 
File: /local/pmpakos/SpMV-Research/benchmark_code/BENCH/../../validation_matrices/crankseg_2.mtx
------------------------
/local/pmpakos/SpMV-Research/benchmark_code/BENCH/../../validation_matrices/crankseg_2.mtx
crankseg_2_bicg_armpl_d.exe
max threads 72
time read: 0.019454
time coo to csr: 0.029988
armpl armpl_spmat_create_csr_d = 0.0138709
armpl optimize time = 0.180394
time convert to format: 0.195269
time warm up 0.067493
eps = 2.52662e-13 eps_counter = 2.52662e-05
SpMV: calls = 100, time = 0.017672 s, GFLOPs = 160.125700, WS_standalone = 163.14 MB, WS_bicg = 167.03 MB
error = 183.5       
/local/pmpakos/SpMV-Research/benchmark_code/BENCH/../../validation_matrices/crankseg_2.mtx,72,63838,63838,14148858,0.027030,183.509,50,162.164356,0.000000,0.000000,ARMPL,63838,63838,14148858,162.164356,1.000000
Temps: Composite 24850 Composite 25850 Composite 41850 Sensor 1 38850  Sensor 2 41850  Composite 42850 Sensor 1 38850  Sensor 2 42850  asic 60000 asic 60000 
File: /local/pmpakos/SpMV-Research/benchmark_code/BENCH/../../validation_matrices/Si41Ge41H72.mtx
------------------------
/local/pmpakos/SpMV-Research/benchmark_code/BENCH/../../validation_matrices/Si41Ge41H72.mtx
Si41Ge41H72_bicg_armpl_d.exe
max threads 72
time read: 0.029478
time coo to csr: 0.031324
armpl armpl_spmat_create_csr_d = 0.0149804
armpl optimize time = 0.186846
time convert to format: 0.202886
time warm up 0.066855
eps = 4.30858e-13 eps_counter = 4.30858e-05
SpMV: calls = 100, time = 0.022984 s, GFLOPs = 130.621585, WS_standalone = 175.33 MB, WS_bicg = 186.66 MB
error = 430.9       
/local/pmpakos/SpMV-Research/benchmark_code/BENCH/../../validation_matrices/Si41Ge41H72.mtx,72,185639,185639,15011265,0.034188,430.858,50,172.498455,0.000000,0.000000,ARMPL,185639,185639,15011265,172.498455,1.000000
Temps: Composite 24850 Composite 25850 Composite 41850 Sensor 1 38850  Sensor 2 41850  Composite 42850 Sensor 1 38850  Sensor 2 42850  asic 60000 asic 60000 
File: /local/pmpakos/SpMV-Research/benchmark_code/BENCH/../../validation_matrices/TSOPF_RS_b2383.mtx
------------------------
/local/pmpakos/SpMV-Research/benchmark_code/BENCH/../../validation_matrices/TSOPF_RS_b2383.mtx
TSOPF_RS_b2383_bicg_armpl_d.exe
max threads 72
time read: 0.058577
time coo to csr: 0.037907
Adding 2329 missing diagonal nonzeros
armpl armpl_spmat_create_csr_d = 0.016275
armpl optimize time = 0.192749
time convert to format: 0.210210
time warm up 0.065888
eps = 1.95243e-13 eps_counter = 1.95243e-05
SpMV: calls = 100, time = 0.020910 s, GFLOPs = 154.698657, WS_standalone = 185.82 MB, WS_bicg = 188.14 MB
error = 195.2       
/local/pmpakos/SpMV-Research/benchmark_code/BENCH/../../validation_matrices/TSOPF_RS_b2383.mtx,72,38120,38120,16173498,0.030659,195.243,50,185.236416,0.000000,0.000000,ARMPL,38120,38120,16173498,185.236416,1.000000
Temps: Composite 24850 Composite 25850 Composite 41850 Sensor 1 38850  Sensor 2 41850  Composite 42850 Sensor 1 38850  Sensor 2 42850  asic 60000 asic 60000 
File: /local/pmpakos/SpMV-Research/benchmark_code/BENCH/../../validation_matrices/in-2004.mtx
------------------------
/local/pmpakos/SpMV-Research/benchmark_code/BENCH/../../validation_matrices/in-2004.mtx
in-2004_bicg_armpl_d.exe
max threads 72
time read: 0.022318
time coo to csr: 0.033049
Adding 1005498 missing diagonal nonzeros
armpl armpl_spmat_create_csr_d = 0.0185424
armpl optimize time = 1.02369
time convert to format: 1.043625
time warm up 0.063341
eps = 1.17597e-12 eps_counter = 0.000117597
SpMV: calls = 100, time = 0.062000 s, GFLOPs = 57.814982, WS_standalone = 231.48 MB, WS_bicg = 315.89 MB
error = 1176        
/local/pmpakos/SpMV-Research/benchmark_code/BENCH/../../validation_matrices/in-2004.mtx,72,1382908,1382908,17922551,0.097521,1175.97,50,210.382698,0.000000,0.000000,ARMPL,1382908,1382908,17922551,210.382698,1.000000
Temps: Composite 24850 Composite 25850 Composite 41850 Sensor 1 38850  Sensor 2 41850  Composite 42850 Sensor 1 38850  Sensor 2 42850  asic 60000 asic 60000 
File: /local/pmpakos/SpMV-Research/benchmark_code/BENCH/../../validation_matrices/Ga41As41H72.mtx
------------------------
/local/pmpakos/SpMV-Research/benchmark_code/BENCH/../../validation_matrices/Ga41As41H72.mtx
Ga41As41H72_bicg_armpl_d.exe
max threads 72
time read: 0.033423
time coo to csr: 0.033231
armpl armpl_spmat_create_csr_d = 0.0187083
armpl optimize time = 0.231702
time convert to format: 0.251817
time warm up 0.064119
eps = 5.1778e-13 eps_counter = 5.1778e-05
SpMV: calls = 100, time = 0.041696 s, GFLOPs = 88.682931, WS_standalone = 216.70 MB, WS_bicg = 233.06 MB
error = 517.8       
/local/pmpakos/SpMV-Research/benchmark_code/BENCH/../../validation_matrices/Ga41As41H72.mtx,72,268096,268096,18488476,0.054853,517.78,50,212.606525,0.000000,0.000000,ARMPL,268096,268096,18488476,212.606525,1.000000
Temps: Composite 24850 Composite 25850 Composite 41850 Sensor 1 38850  Sensor 2 41850  Composite 42850 Sensor 1 38850  Sensor 2 42850  asic 60000 asic 60000 
File: /local/pmpakos/SpMV-Research/benchmark_code/BENCH/../../validation_matrices/eu-2005.mtx
------------------------
/local/pmpakos/SpMV-Research/benchmark_code/BENCH/../../validation_matrices/eu-2005.mtx
eu-2005_bicg_armpl_d.exe
max threads 72
time read: 0.026040
time coo to csr: 0.037266
Adding 361237 missing diagonal nonzeros
armpl armpl_spmat_create_csr_d = 0.020032
armpl optimize time = 0.683253
time convert to format: 0.704769
time warm up 0.063527
eps = 9.28797e-13 eps_counter = 9.28797e-05
SpMV: calls = 100, time = 0.058474 s, GFLOPs = 67.026189, WS_standalone = 240.72 MB, WS_bicg = 293.37 MB
error = 928.8       
/local/pmpakos/SpMV-Research/benchmark_code/BENCH/../../validation_matrices/eu-2005.mtx,72,862664,862664,19596377,0.083426,928.797,50,227.553543,0.000000,0.000000,ARMPL,862664,862664,19596377,227.553543,1.000000
Temps: Composite 24850 Composite 25850 Composite 41850 Sensor 1 38850  Sensor 2 41850  Composite 42850 Sensor 1 38850  Sensor 2 42850  asic 60000 asic 60000 
File: /local/pmpakos/SpMV-Research/benchmark_code/BENCH/../../validation_matrices/wikipedia-20051105.mtx
------------------------
/local/pmpakos/SpMV-Research/benchmark_code/BENCH/../../validation_matrices/wikipedia-20051105.mtx
wikipedia-20051105_bicg_armpl_d.exe
max threads 72
time read: 0.026360
time coo to csr: 0.049631
Adding 1617801 missing diagonal nonzeros
armpl armpl_spmat_create_csr_d = 0.0222568
armpl optimize time = 0.88311
time convert to format: 0.906929
time warm up 0.067572
eps = 1.27867e-12 eps_counter = 0.000127867
SpMV: calls = 100, time = 0.102774 s, GFLOPs = 41.588294, WS_standalone = 275.76 MB, WS_bicg = 375.55 MB
error = 1279        
/local/pmpakos/SpMV-Research/benchmark_code/BENCH/../../validation_matrices/wikipedia-20051105.mtx,72,1634989,1634989,21370879,0.148270,1278.67,50,250.807293,0.000000,0.000000,ARMPL,1634989,1634989,21370879,250.807293,1.000000
Temps: Composite 24850 Composite 25850 Composite 41850 Sensor 1 38850  Sensor 2 41850  Composite 42850 Sensor 1 38850  Sensor 2 42850  asic 60000 asic 60000 
File: /local/pmpakos/SpMV-Research/benchmark_code/BENCH/../../validation_matrices/kron_g500-logn18.mtx
------------------------
/local/pmpakos/SpMV-Research/benchmark_code/BENCH/../../validation_matrices/kron_g500-logn18.mtx
kron_g500-logn18_bicg_armpl_d.exe
max threads 72
time read: 0.019350
time coo to csr: 0.048211
Adding 261608 missing diagonal nonzeros
armpl armpl_spmat_create_csr_d = 0.0218373
armpl optimize time = 0.49102
time convert to format: 0.514502
time warm up 0.062946
eps = 5.12e-13 eps_counter = 5.12e-05
SpMV: calls = 100, time = 0.078173 s, GFLOPs = 54.821051, WS_standalone = 250.22 MB, WS_bicg = 266.22 MB
error = 512         
/local/pmpakos/SpMV-Research/benchmark_code/BENCH/../../validation_matrices/kron_g500-logn18.mtx,72,262144,262144,21427516,0.093607,512,50,246.218464,0.000000,0.000000,ARMPL,262144,262144,21427516,246.218464,1.000000
Temps: Composite 24850 Composite 25850 Composite 41850 Sensor 1 38850  Sensor 2 41850  Composite 42850 Sensor 1 38850  Sensor 2 42850  asic 60000 asic 60000 
File: /local/pmpakos/SpMV-Research/benchmark_code/BENCH/../../validation_matrices/rajat31.mtx
------------------------
/local/pmpakos/SpMV-Research/benchmark_code/BENCH/../../validation_matrices/rajat31.mtx
rajat31_bicg_armpl_d.exe
max threads 72
time read: 0.060441
time coo to csr: 0.031811
Adding 1251 missing diagonal nonzeros
armpl armpl_spmat_create_csr_d = 0.0221968
armpl optimize time = 0.289249
time convert to format: 0.312804
time warm up 0.061914
eps = 2.16564e-12 eps_counter = 0.000216564
SpMV: calls = 100, time = 0.096804 s, GFLOPs = 41.976364, WS_standalone = 321.97 MB, WS_bicg = 608.23 MB
error = 2166        
/local/pmpakos/SpMV-Research/benchmark_code/BENCH/../../validation_matrices/rajat31.mtx,72,4690002,4690002,20317504,0.245840,2165.64,50,250.406322,0.000000,0.000000,ARMPL,4690002,4690002,20317504,250.406322,1.000000
Temps: Composite 24850 Composite 25850 Composite 41850 Sensor 1 38850  Sensor 2 41850  Composite 42850 Sensor 1 38850  Sensor 2 42850  asic 60000 asic 60000 
File: /local/pmpakos/SpMV-Research/benchmark_code/BENCH/../../validation_matrices/human_gene1.mtx
------------------------
/local/pmpakos/SpMV-Research/benchmark_code/BENCH/../../validation_matrices/human_gene1.mtx
human_gene1_bicg_armpl_d.exe
max threads 72
time read: 0.042131
time coo to csr: 0.057615
armpl armpl_spmat_create_csr_d = 0.0251927
armpl optimize time = 0.297603
time convert to format: 0.324570
time warm up 0.064350
eps = 1.49275e-13 eps_counter = 1.49275e-05
SpMV: calls = 100, time = 0.047110 s, GFLOPs = 104.732952, WS_standalone = 282.75 MB, WS_bicg = 284.11 MB
error = 38.34       
/local/pmpakos/SpMV-Research/benchmark_code/BENCH/../../validation_matrices/human_gene1.mtx,72,22283,22283,24669643,0.057427,38.3383,50,282.406666,0.000000,0.000000,ARMPL,22283,22283,24669643,282.406666,1.000000
Temps: Composite 24850 Composite 25850 Composite 41850 Sensor 1 38850  Sensor 2 41850  Composite 42850 Sensor 1 38850  Sensor 2 42850  asic 60000 asic 60000 
File: /local/pmpakos/SpMV-Research/benchmark_code/BENCH/../../validation_matrices/delaunay_n22.mtx
------------------------
/local/pmpakos/SpMV-Research/benchmark_code/BENCH/../../validation_matrices/delaunay_n22.mtx
delaunay_n22_bicg_armpl_d.exe
max threads 72
time read: 0.020338
time coo to csr: 0.053505
Adding 4194304 missing diagonal nonzeros
armpl armpl_spmat_create_csr_d = 0.031621
armpl optimize time = 0.564754
time convert to format: 0.598536
time warm up 0.063828
eps = 2.048e-12 eps_counter = 0.0002048
SpMV: calls = 100, time = 0.210456 s, GFLOPs = 27.901372, WS_standalone = 416.00 MB, WS_bicg = 672.00 MB
error = 215.3       
/local/pmpakos/SpMV-Research/benchmark_code/BENCH/../../validation_matrices/delaunay_n22.mtx,72,4194304,4194304,29360042,0.343918,215.334,50,351.999020,0.000000,0.000000,ARMPL,4194304,4194304,29360042,351.999020,1.000000
Temps: Composite 24850 Composite 25850 Composite 41850 Sensor 1 38850  Sensor 2 41850  Composite 42850 Sensor 1 38850  Sensor 2 42850  asic 60000 asic 60000 
File: /local/pmpakos/SpMV-Research/benchmark_code/BENCH/../../validation_matrices/GL7d20.mtx
------------------------
/local/pmpakos/SpMV-Research/benchmark_code/BENCH/../../validation_matrices/GL7d20.mtx
GL7d20_bicg_armpl_d.exe
max threads 72
time read: 0.051156
time coo to csr: 0.060046
Adding 1437483 missing diagonal nonzeros
armpl armpl_spmat_create_csr_d = 0.0329051
armpl optimize time = 0.455138
time convert to format: 0.490405

	ERROR
[tid 3602671] bench_bicg.cpp
 => bench(): line [659]
      >  the matrix must be square
Temps: Composite 24850 Composite 25850 Composite 41850 Sensor 1 38850  Sensor 2 41850  Composite 42850 Sensor 1 38850  Sensor 2 42850  asic 60000 asic 60000 
File: /local/pmpakos/SpMV-Research/benchmark_code/BENCH/../../validation_matrices/sx-stackoverflow.mtx
------------------------
/local/pmpakos/SpMV-Research/benchmark_code/BENCH/../../validation_matrices/sx-stackoverflow.mtx
sx-stackoverflow_bicg_armpl_d.exe
max threads 72
time read: 0.058554
time coo to csr: 0.076060
Adding 1244211 missing diagonal nonzeros
armpl armpl_spmat_create_csr_d = 0.040128
armpl optimize time = 4.63125
time convert to format: 4.673981
time warm up 0.068971
eps = 1.61306e-12 eps_counter = 0.000161306
SpMV: calls = 100, time = 0.236462 s, GFLOPs = 31.698624, WS_standalone = 478.53 MB, WS_bicg = 637.34 MB
error = 1613        
/local/pmpakos/SpMV-Research/benchmark_code/BENCH/../../validation_matrices/sx-stackoverflow.mtx,72,2601977,2601977,37477661,0.319377,1613.06,50,438.823551,0.000000,0.000000,ARMPL,2601977,2601977,37477661,438.823551,1.000000
Temps: Composite 24850 Composite 25850 Composite 41850 Sensor 1 38850  Sensor 2 41850  Composite 42850 Sensor 1 38850  Sensor 2 42850  asic 60000 asic 60000 
File: /local/pmpakos/SpMV-Research/benchmark_code/BENCH/../../validation_matrices/dgreen.mtx
------------------------
/local/pmpakos/SpMV-Research/benchmark_code/BENCH/../../validation_matrices/dgreen.mtx
dgreen_bicg_armpl_d.exe
max threads 72
time read: 0.092440
time coo to csr: 0.067082
armpl armpl_spmat_create_csr_d = 0.0405903
armpl optimize time = 0.524836
time convert to format: 0.567878
time warm up 0.062166
eps = 1.09572e-12 eps_counter = 0.000109572
SpMV: calls = 100, time = 0.142644 s, GFLOPs = 53.643676, WS_standalone = 460.75 MB, WS_bicg = 534.03 MB
error = 1096        
/local/pmpakos/SpMV-Research/benchmark_code/BENCH/../../validation_matrices/dgreen.mtx,72,1200611,1200611,38259877,0.176246,1095.72,50,442.429516,0.000000,0.000000,ARMPL,1200611,1200611,38259877,442.429516,1.000000
Temps: Composite 24850 Composite 25850 Composite 41850 Sensor 1 38850  Sensor 2 41850  Composite 42850 Sensor 1 38850  Sensor 2 42850  asic 60000 asic 60000 
File: /local/pmpakos/SpMV-Research/benchmark_code/BENCH/../../validation_matrices/ldoor.mtx
------------------------
/local/pmpakos/SpMV-Research/benchmark_code/BENCH/../../validation_matrices/ldoor.mtx
ldoor_bicg_armpl_d.exe
max threads 72
time read: 0.071066
time coo to csr: 0.050843
armpl armpl_spmat_create_csr_d = 0.0492048
armpl optimize time = 0.573324
time convert to format: 0.626008
time warm up 0.060650
eps = 9.75809e-13 eps_counter = 9.75809e-05
SpMV: calls = 100, time = 0.159727 s, GFLOPs = 58.252445, WS_standalone = 550.57 MB, WS_bicg = 608.69 MB
error = 975.8       
/local/pmpakos/SpMV-Research/benchmark_code/BENCH/../../validation_matrices/ldoor.mtx,72,952203,952203,46522475,0.189541,975.809,50,536.039845,0.000000,0.000000,ARMPL,952203,952203,46522475,536.039845,1.000000
Temps: Composite 24850 Composite 25850 Composite 41850 Sensor 1 38850  Sensor 2 41850  Composite 42850 Sensor 1 38850  Sensor 2 42850  asic 60000 asic 60000 
File: /local/pmpakos/SpMV-Research/benchmark_code/BENCH/../../validation_matrices/dielFilterV2real.mtx
------------------------
/local/pmpakos/SpMV-Research/benchmark_code/BENCH/../../validation_matrices/dielFilterV2real.mtx
dielFilterV2real_bicg_armpl_d.exe
max threads 72
time read: 0.096429
time coo to csr: 0.056212
armpl armpl_spmat_create_csr_d = 0.0511645
armpl optimize time = 0.594699
time convert to format: 0.649421
time warm up 0.061051
eps = 1.07585e-12 eps_counter = 0.000107585
SpMV: calls = 100, time = 0.162181 s, GFLOPs = 59.857785, WS_standalone = 577.56 MB, WS_bicg = 648.21 MB
error = 1076        
/local/pmpakos/SpMV-Research/benchmark_code/BENCH/../../validation_matrices/dielFilterV2real.mtx,72,1157456,1157456,48538952,0.204613,1075.85,50,559.899570,0.000000,0.000000,ARMPL,1157456,1157456,48538952,559.899570,1.000000
Temps: Composite 24850 Composite 25850 Composite 41850 Sensor 1 38850  Sensor 2 41850  Composite 42850 Sensor 1 38850  Sensor 2 42850  asic 60000 asic 60000 
File: /local/pmpakos/SpMV-Research/benchmark_code/BENCH/../../validation_matrices/circuit5M.mtx
------------------------
/local/pmpakos/SpMV-Research/benchmark_code/BENCH/../../validation_matrices/circuit5M.mtx
circuit5M_bicg_armpl_d.exe
max threads 72
time read: 0.212811
time coo to csr: 0.160111
Adding 1879 missing diagonal nonzeros
armpl armpl_spmat_create_csr_d = 0.0648372
armpl optimize time = 5.04314
time convert to format: 5.111645
time warm up 0.063022
eps = 2.35761e-12 eps_counter = 0.000235761
SpMV: calls = 100, time = 0.275421 s, GFLOPs = 43.225507, WS_standalone = 787.24 MB, WS_bicg = 1126.49 MB
error = 2358        
/local/pmpakos/SpMV-Research/benchmark_code/BENCH/../../validation_matrices/circuit5M.mtx,72,5558326,5558326,59526170,0.467018,2357.61,50,702.426289,0.000000,0.000000,ARMPL,5558326,5558326,59526170,702.426289,1.000000
Temps: Composite 24850 Composite 25850 Composite 41850 Sensor 1 38850  Sensor 2 41850  Composite 42850 Sensor 1 38850  Sensor 2 42850  asic 60000 asic 60000 
File: /local/pmpakos/SpMV-Research/benchmark_code/BENCH/../../validation_matrices/soc-LiveJournal1.mtx
------------------------
/local/pmpakos/SpMV-Research/benchmark_code/BENCH/../../validation_matrices/soc-LiveJournal1.mtx
soc-LiveJournal1_bicg_armpl_d.exe
max threads 72
time read: 0.090122
time coo to csr: 0.122397
Adding 4329189 missing diagonal nonzeros
armpl armpl_spmat_create_csr_d = 0.0807532
armpl optimize time = 3.0182
time convert to format: 3.103944
time warm up 0.070688
eps = 2.20172e-12 eps_counter = 0.000220172
SpMV: calls = 100, time = 0.473953 s, GFLOPs = 30.941011, WS_standalone = 931.57 MB, WS_bicg = 1227.45 MB
error = 2202        
/local/pmpakos/SpMV-Research/benchmark_code/BENCH/../../validation_matrices/soc-LiveJournal1.mtx,72,4847571,4847571,73322962,0.642202,2201.72,50,857.606728,0.000000,0.000000,ARMPL,4847571,4847571,73322962,857.606728,1.000000
Temps: Composite 24850 Composite 25850 Composite 41850 Sensor 1 37850  Sensor 2 41850  Composite 42850 Sensor 1 38850  Sensor 2 42850  asic 60000 asic 60000 
File: /local/pmpakos/SpMV-Research/benchmark_code/BENCH/../../validation_matrices/bone010.mtx
------------------------
/local/pmpakos/SpMV-Research/benchmark_code/BENCH/../../validation_matrices/bone010.mtx
bone010_bicg_armpl_d.exe
max threads 72
time read: 0.080286
time coo to csr: 0.063030
armpl armpl_spmat_create_csr_d = 0.0768187
armpl optimize time = 0.589814
time convert to format: 0.671494
time warm up 0.063868
eps = 9.93329e-13 eps_counter = 9.93329e-05
SpMV: calls = 100, time = 0.194683 s, GFLOPs = 73.623664, WS_standalone = 838.98 MB, WS_bicg = 899.20 MB
error = 993.3       
/local/pmpakos/SpMV-Research/benchmark_code/BENCH/../../validation_matrices/bone010.mtx,72,986703,986703,71666325,0.225136,993.329,50,823.919979,0.000000,0.000000,ARMPL,986703,986703,71666325,823.919979,1.000000
Temps: Composite 24850 Composite 25850 Composite 41850 Sensor 1 38850  Sensor 2 41850  Composite 42850 Sensor 1 38850  Sensor 2 42850  asic 60000 asic 60000 
File: /local/pmpakos/SpMV-Research/benchmark_code/BENCH/../../validation_matrices/audikw_1.mtx
------------------------
/local/pmpakos/SpMV-Research/benchmark_code/BENCH/../../validation_matrices/audikw_1.mtx
audikw_1_bicg_armpl_d.exe
max threads 72
time read: 0.134047
time coo to csr: 0.074236
armpl armpl_spmat_create_csr_d = 0.082437
armpl optimize time = 0.617229
time convert to format: 0.704613
time warm up 0.063129
eps = 9.7144e-13 eps_counter = 9.7144e-05
SpMV: calls = 100, time = 0.281589 s, GFLOPs = 55.152518, WS_standalone = 906.65 MB, WS_bicg = 964.25 MB
error = 971.4       
/local/pmpakos/SpMV-Research/benchmark_code/BENCH/../../validation_matrices/audikw_1.mtx,72,943695,943695,77651847,0.320247,971.44,50,892.254780,0.000000,0.000000,ARMPL,943695,943695,77651847,892.254780,1.000000
Temps: Composite 24850 Composite 25850 Composite 41850 Sensor 1 38850  Sensor 2 41850  Composite 42850 Sensor 1 38850  Sensor 2 42850  asic 60000 asic 60000 
File: /local/pmpakos/SpMV-Research/benchmark_code/BENCH/../../validation_matrices/cage15.mtx
------------------------
/local/pmpakos/SpMV-Research/benchmark_code/BENCH/../../validation_matrices/cage15.mtx
cage15_bicg_armpl_d.exe
max threads 72
time read: 0.261808
time coo to csr: 0.117697
armpl armpl_spmat_create_csr_d = 0.10807
armpl optimize time = 0.647321
time convert to format: 0.761607
time warm up 0.061159
eps = 2.27043e-12 eps_counter = 0.000227043
SpMV: calls = 100, time = 0.403295 s, GFLOPs = 49.194584, WS_standalone = 1233.57 MB, WS_bicg = 1548.20 MB
error = 5.529e-13   
/local/pmpakos/SpMV-Research/benchmark_code/BENCH/../../validation_matrices/cage15.mtx,72,5154859,5154859,99199551,0.585940,5.52933e-13,50,1154.912998,0.000000,0.000000,ARMPL,5154859,5154859,99199551,1154.912998,1.000000
